[ERROR]: 'NoneType' object has no attribute 'write'